[the-everest.amenitiz.io/index.html]
[backblue.gif]
[fade.gif]
[index.html]
[the-everest.amenitiz.io/en.html]
[the-everest.amenitiz.io/fr.html]
[the-everest.amenitiz.io/es.html]
[the-everest.amenitiz.io/en/booking/room.html]
[the-everest.amenitiz.io/rooms.html]
[the-everest.amenitiz.io/page/beach-club.html]
[the-everest.amenitiz.io/page/restaurant.html]
[the-everest.amenitiz.io/contact.html]
[the-everest.amenitiz.io/page/covid.html]
[the-everest.amenitiz.io/room/premium-apartment.html]
[the-everest.amenitiz.io/room/premium-rooms.html]
[the-everest.amenitiz.io/room/deluxe-villa.html]
[the-everest.amenitiz.io/cdn-cgi/l/email-protection.html]
[the-everest.amenitiz.io/rooms-2.html]
[the-everest.amenitiz.io/enc2b5.html]
[the-everest.amenitiz.io/frc2b5.html]
[the-everest.amenitiz.io/esc2b5.html]
[the-everest.amenitiz.io/legal-notices.html]
[the-everest.amenitiz.io/cdn-cgi/scripts/5c5dd728/cloudflare-static/email-decode.min.js]
[the-everest.amenitiz.io/index.html]
[the-everest.amenitiz.io/api_public/v1/client_booking_engine/availability_with_restrictions.json]
[the-everest.amenitiz.io/en/api_public/v1/client_booking_engine/availability_with_restrictions.json]
[the-everest.amenitiz.io/en.html]
[the-everest.amenitiz.io/fr/booking/room.html]
[the-everest.amenitiz.io/fr/chambres.html]
[the-everest.amenitiz.io/fr/page/beach-club.html]
[the-everest.amenitiz.io/fr/page/restaurant.html]
[the-everest.amenitiz.io/fr/contact.html]
[the-everest.amenitiz.io/fr/page/nettoyage-des-chambres-en-periode-covid-19.html]
[the-everest.amenitiz.io/fr/chambres-2.html]
[the-everest.amenitiz.io/en6ddd.html]
[the-everest.amenitiz.io/fr6ddd.html]
[the-everest.amenitiz.io/es6ddd.html]
[the-everest.amenitiz.io/fr/mentions-legales.html]
[the-everest.amenitiz.io/fr/api_public/v1/client_booking_engine/availability_with_restrictions.json]
[the-everest.amenitiz.io/fr.html]
[the-everest.amenitiz.io/es/booking/room.html]
[the-everest.amenitiz.io/es/habitaciones.html]
[the-everest.amenitiz.io/es/pagina/beach-club.html]
[the-everest.amenitiz.io/es/pagina/restaurant.html]
[the-everest.amenitiz.io/es/contactar.html]
[the-everest.amenitiz.io/es/pagina/nettoyage des chambres en période covid 19.html]
[the-everest.amenitiz.io/es/habitaciones-2.html]
[the-everest.amenitiz.io/en2e0f.html]
[the-everest.amenitiz.io/fr2e0f.html]
[the-everest.amenitiz.io/es2e0f.html]
[the-everest.amenitiz.io/es/menciones-legales.html]
[the-everest.amenitiz.io/es/api_public/v1/client_booking_engine/availability_with_restrictions.json]
[the-everest.amenitiz.io/es.html]
[the-everest.amenitiz.io/en/booking/roomc2b5.html]
[the-everest.amenitiz.io/fr/booking/roomc2b5.html]
[the-everest.amenitiz.io/en/booking/room.html]
[the-everest.amenitiz.io/es/booking/roomc2b5.html]
[the-everest.amenitiz.io/room/premium-apartment5dc2.html]
[the-everest.amenitiz.io/en/booking/room952c.html]
[the-everest.amenitiz.io/room/premium-rooms5dc2.html]
[the-everest.amenitiz.io/en/booking/room82c2.html]
[the-everest.amenitiz.io/room/deluxe-villa5dc2.html]
[the-everest.amenitiz.io/en/booking/roomd974.html]
[the-everest.amenitiz.io/room/another-room5dc2.html]
[the-everest.amenitiz.io/en/booking/room733e.html]
[the-everest.amenitiz.io/room/test5dc2.html]
[the-everest.amenitiz.io/en/booking/room73fb.html]
[the-everest.amenitiz.io/roomsc2b5.html]
[the-everest.amenitiz.io/fr/chambresc2b5.html]
[the-everest.amenitiz.io/rooms.html]
[the-everest.amenitiz.io/es/habitacionesc2b5.html]
[the-everest.amenitiz.io/page/beach-club.html]
[the-everest.amenitiz.io/page/restaurant.html]
[the-everest.amenitiz.io/contactc2b5.html]
[the-everest.amenitiz.io/fr/contactc2b5.html]
[the-everest.amenitiz.io/contact.html]
[the-everest.amenitiz.io/es/contactarc2b5.html]
[the-everest.amenitiz.io/es/pagina/nettoyage des chambres en période covid 19-2.html]
[the-everest.amenitiz.io/page/covid.html]
[the-everest.amenitiz.io/room/premium-apartment.html]
[the-everest.amenitiz.io/room/premium-rooms.html]
[the-everest.amenitiz.io/room/deluxe-villa.html]
[the-everest.amenitiz.io/rooms-2.html]
[the-everest.amenitiz.io/cdn-cgi/l/email-protection.html]
[the-everest.amenitiz.io/enc2b5.html]
[the-everest.amenitiz.io/frc2b5.html]
[the-everest.amenitiz.io/esc2b5.html]
[the-everest.amenitiz.io/legal-noticesc2b5.html]
[the-everest.amenitiz.io/fr/mentions-legalesc2b5.html]
[the-everest.amenitiz.io/legal-notices.html]
[the-everest.amenitiz.io/es/menciones-legalesc2b5.html]
[the-everest.amenitiz.io/en/booking/room6ddd.html]
[the-everest.amenitiz.io/fr/booking/room6ddd.html]
[the-everest.amenitiz.io/fr/booking/room.html]
[the-everest.amenitiz.io/es/booking/room6ddd.html]
[the-everest.amenitiz.io/fr/booking/room952c.html]
[the-everest.amenitiz.io/fr/booking/room82c2.html]
[the-everest.amenitiz.io/fr/booking/roomd974.html]
[the-everest.amenitiz.io/fr/booking/room733e.html]
[the-everest.amenitiz.io/fr/chambre/test5dc2.html]
[the-everest.amenitiz.io/fr/booking/room73fb.html]
[the-everest.amenitiz.io/rooms6ddd.html]
[the-everest.amenitiz.io/fr/chambres6ddd.html]
[the-everest.amenitiz.io/fr/chambres.html]
[the-everest.amenitiz.io/es/habitaciones6ddd.html]
[the-everest.amenitiz.io/fr/page/beach-club.html]
[the-everest.amenitiz.io/fr/page/restaurant.html]
[the-everest.amenitiz.io/contact6ddd.html]
[the-everest.amenitiz.io/fr/contact6ddd.html]
[the-everest.amenitiz.io/fr/contact.html]
[the-everest.amenitiz.io/es/contactar6ddd.html]
[the-everest.amenitiz.io/fr/page/nettoyage-des-chambres-en-periode-covid-19.html]
[the-everest.amenitiz.io/fr/chambres-2.html]
[the-everest.amenitiz.io/en6ddd.html]
[the-everest.amenitiz.io/fr6ddd.html]
[the-everest.amenitiz.io/es6ddd.html]
[the-everest.amenitiz.io/legal-notices6ddd.html]
[the-everest.amenitiz.io/fr/mentions-legales6ddd.html]
[the-everest.amenitiz.io/fr/mentions-legales.html]
[the-everest.amenitiz.io/es/menciones-legales6ddd.html]
[the-everest.amenitiz.io/en/booking/room2e0f.html]
[the-everest.amenitiz.io/fr/booking/room2e0f.html]
[the-everest.amenitiz.io/es/booking/room.html]
[the-everest.amenitiz.io/es/booking/room2e0f.html]
[the-everest.amenitiz.io/es/booking/room952c.html]
[the-everest.amenitiz.io/es/booking/room82c2.html]
[the-everest.amenitiz.io/es/booking/roomd974.html]
[the-everest.amenitiz.io/es/booking/room733e.html]
[the-everest.amenitiz.io/es/habitacion/test5dc2.html]
[the-everest.amenitiz.io/es/booking/room73fb.html]
[the-everest.amenitiz.io/rooms2e0f.html]
[the-everest.amenitiz.io/fr/chambres2e0f.html]
[the-everest.amenitiz.io/es/habitaciones.html]
[the-everest.amenitiz.io/es/habitaciones2e0f.html]
[the-everest.amenitiz.io/es/pagina/beach-club.html]
[the-everest.amenitiz.io/es/pagina/restaurant.html]
[the-everest.amenitiz.io/contact2e0f.html]
[the-everest.amenitiz.io/fr/contact2e0f.html]
[the-everest.amenitiz.io/es/contactar.html]
[the-everest.amenitiz.io/es/contactar2e0f.html]
[the-everest.amenitiz.io/es/pagina/nettoyage des chambres en période covid 19.html]
[the-everest.amenitiz.io/es/habitaciones-2.html]
[the-everest.amenitiz.io/en2e0f.html]
[the-everest.amenitiz.io/fr2e0f.html]
[the-everest.amenitiz.io/es2e0f.html]
[the-everest.amenitiz.io/legal-notices2e0f.html]
[the-everest.amenitiz.io/fr/mentions-legales2e0f.html]
[the-everest.amenitiz.io/es/menciones-legales.html]
[the-everest.amenitiz.io/es/menciones-legales2e0f.html]
[the-everest.amenitiz.io/en/booking/roomc2b5.html]
[the-everest.amenitiz.io/fr/booking/roomc2b5.html]
[the-everest.amenitiz.io/es/booking/roomc2b5.html]
[the-everest.amenitiz.io/room/premium-apartment5dc2.html]
[the-everest.amenitiz.io/en/booking/room952c.html]
[the-everest.amenitiz.io/room/premium-rooms5dc2.html]
[the-everest.amenitiz.io/en/booking/room82c2.html]
[the-everest.amenitiz.io/room/deluxe-villa5dc2.html]
[the-everest.amenitiz.io/en/booking/roomd974.html]
[the-everest.amenitiz.io/room/another-room.html]
[the-everest.amenitiz.io/room/another-room5dc2.html]
[the-everest.amenitiz.io/en/booking/room733e.html]
[the-everest.amenitiz.io/room/test.html]
[the-everest.amenitiz.io/fr/chambre/test.html]
[the-everest.amenitiz.io/es/habitacion/test.html]
[the-everest.amenitiz.io/room/test5dc2.html]
[the-everest.amenitiz.io/en/booking/room73fb.html]
[the-everest.amenitiz.io/roomsc2b5.html]
[the-everest.amenitiz.io/fr/chambresc2b5.html]
[the-everest.amenitiz.io/es/habitacionesc2b5.html]
[the-everest.amenitiz.io/contactc2b5.html]
[the-everest.amenitiz.io/fr/contactc2b5.html]
[the-everest.amenitiz.io/es/contactarc2b5.html]
[the-everest.amenitiz.io/es/pagina/nettoyage des chambres en période covid 19-2.html]
[the-everest.amenitiz.io/legal-noticesc2b5.html]
[the-everest.amenitiz.io/fr/mentions-legalesc2b5.html]
[the-everest.amenitiz.io/es/menciones-legalesc2b5.html]
[the-everest.amenitiz.io/en/booking/room6ddd.html]
[the-everest.amenitiz.io/fr/booking/room6ddd.html]
[the-everest.amenitiz.io/es/booking/room6ddd.html]
[the-everest.amenitiz.io/fr/booking/room952c.html]
[the-everest.amenitiz.io/fr/booking/room82c2.html]
[the-everest.amenitiz.io/fr/booking/roomd974.html]
[the-everest.amenitiz.io/fr/booking/room733e.html]
[the-everest.amenitiz.io/fr/chambre/test5dc2.html]
[the-everest.amenitiz.io/fr/booking/room73fb.html]
[the-everest.amenitiz.io/rooms6ddd.html]
[the-everest.amenitiz.io/fr/chambres6ddd.html]
[the-everest.amenitiz.io/es/habitaciones6ddd.html]
[the-everest.amenitiz.io/contact6ddd.html]
[the-everest.amenitiz.io/fr/contact6ddd.html]
[the-everest.amenitiz.io/es/contactar6ddd.html]
[the-everest.amenitiz.io/legal-notices6ddd.html]
[the-everest.amenitiz.io/fr/mentions-legales6ddd.html]
[the-everest.amenitiz.io/es/menciones-legales6ddd.html]
[the-everest.amenitiz.io/en/booking/room2e0f.html]
[the-everest.amenitiz.io/fr/booking/room2e0f.html]
[the-everest.amenitiz.io/es/booking/room2e0f.html]
[the-everest.amenitiz.io/es/booking/room952c.html]
[the-everest.amenitiz.io/es/booking/room82c2.html]
[the-everest.amenitiz.io/es/booking/roomd974.html]
[the-everest.amenitiz.io/es/booking/room733e.html]
[the-everest.amenitiz.io/es/habitacion/test5dc2.html]
[the-everest.amenitiz.io/es/booking/room73fb.html]
[the-everest.amenitiz.io/rooms2e0f.html]
[the-everest.amenitiz.io/fr/chambres2e0f.html]
[the-everest.amenitiz.io/es/habitaciones2e0f.html]
[the-everest.amenitiz.io/contact2e0f.html]
[the-everest.amenitiz.io/fr/contact2e0f.html]
[the-everest.amenitiz.io/es/contactar2e0f.html]
[the-everest.amenitiz.io/legal-notices2e0f.html]
[the-everest.amenitiz.io/fr/mentions-legales2e0f.html]
[the-everest.amenitiz.io/es/menciones-legales2e0f.html]
[the-everest.amenitiz.io/room/another-room.html]
[the-everest.amenitiz.io/room/test.html]
[the-everest.amenitiz.io/fr/chambre/test.html]
[the-everest.amenitiz.io/es/habitacion/test.html]
